✓ Lockfile passes supply-chain policies (verified 22h ago)
Progress: resolved 1, reused 0, downloaded 0, added 0
Progress: resolved 13, reused 13, downloaded 0, added 0
Progress: resolved 14, reused 13, downloaded 0, added 0
Progress: resolved 198, reused 97, downloaded 0, added 0
Progress: resolved 234, reused 208, downloaded 0, added 0
Progress: resolved 301, reused 221, downloaded 1, added 0
Progress: resolved 476, reused 314, downloaded 2, added 0
Progress: resolved 564, reused 423, downloaded 3, added 0
Progress: resolved 628, reused 470, downloaded 3, added 0
Progress: resolved 806, reused 550, downloaded 3, added 0
Progress: resolved 985, reused 729, downloaded 4, added 0
Progress: resolved 1160, reused 1010, downloaded 6, added 0
[WARN] 1 deprecated subdependencies found: whatwg-encoding@3.1.1
Progress: resolved 1217, reused 1067, downloaded 6, added 0
Packages: +37 -36
+++++++++++++++++++++++++++++++++++++------------------------------------
Progress: resolved 1217, reused 1067, downloaded 6, added 24
Progress: resolved 1217, reused 1067, downloaded 6, added 35
Progress: resolved 1217, reused 1067, downloaded 7, added 37, done
.../node_modules/workerd postinstall$ node install.js
.../node_modules/workerd postinstall: Done

devDependencies:
- @cloudflare/workers-types 5.20260910.1
+ @cloudflare/workers-types 5.20260903.1
- typescript 7.0.2
+ typescript 6.0.3 (7.0.2 is available)
- wrangler 4.131.0
+ wrangler 4.129.0

Done in 32.2s using pnpm v11.19.0
